../Core/Src/main.c:185:5:main	16	static
../Core/Src/main.c:265:6:SystemClock_Config	88	static
../Core/Src/main.c:312:13:MX_LPUART1_UART_Init	8	static
../Core/Src/main.c:359:13:MX_GPIO_Init	40	static
../Core/Src/main.c:413:13:Set_Phase	40	static
../Core/Src/main.c:436:13:Phase_ApplyStep	16	static
../Core/Src/main.c:469:15:Hall_GetDirection	16	static
../Core/Src/main.c:489:15:Phase_ToTelemetryValue	16	static
../Core/Src/main.c:505:13:Hall_SendTelemetry	96	static
../Core/Src/main.c:555:13:Hall_Process	24	static
../Core/Src/main.c:619:13:Hall_PollInput	24	static
../Core/Src/main.c:642:13:Hall_CheckStop	16	static
../Core/Src/main.c:655:16:Hall_ReadRaw	16	static
../Core/Src/main.c:667:6:HAL_GPIO_EXTI_Callback	16	static
../Core/Src/main.c:678:13:Hall_SendPeriodicTelemetry	16	static
../Core/Src/main.c:692:6:Error_Handler	4	static,ignoring_inline_asm
