Archive member included to satisfy reference by file (symbol)

/Applications/STM32CubeIDE.app/Contents/Eclipse/plugins/com.st.stm32cube.ide.mcu.externaltools.gnu-tools-for-stm32.14.3.rel1.macosaarch64_1.0.0.202602081740/tools/bin/../lib/gcc/arm-none-eabi/14.3.1/../../../../arm-none-eabi/lib/thumb/v7e-m+fp/hard/libc_nano.a(libc_a-exit.o)
                              /Applications/STM32CubeIDE.app/Contents/Eclipse/plugins/com.st.stm32cube.ide.mcu.externaltools.gnu-tools-for-stm32.14.3.rel1.macosaarch64_1.0.0.202602081740/tools/bin/../lib/gcc/arm-none-eabi/14.3.1/../../../../arm-none-eabi/lib/thumb/v7e-m+fp/hard/crt0.o (exit)
/Applications/STM32CubeIDE.app/Contents/Eclipse/plugins/com.st.stm32cube.ide.mcu.externaltools.gnu-tools-for-stm32.14.3.rel1.macosaarch64_1.0.0.202602081740/tools/bin/../lib/gcc/arm-none-eabi/14.3.1/../../../../arm-none-eabi/lib/thumb/v7e-m+fp/hard/libc_nano.a(libc_a-findfp.o)
                              /Applications/STM32CubeIDE.app/Contents/Eclipse/plugins/com.st.stm32cube.ide.mcu.externaltools.gnu-tools-for-stm32.14.3.rel1.macosaarch64_1.0.0.202602081740/tools/bin/../lib/gcc/arm-none-eabi/14.3.1/../../../../arm-none-eabi/lib/thumb/v7e-m+fp/hard/libc_nano.a(libc_a-exit.o) (__stdio_exit_handler)
/Applications/STM32CubeIDE.app/Contents/Eclipse/plugins/com.st.stm32cube.ide.mcu.externaltools.gnu-tools-for-stm32.14.3.rel1.macosaarch64_1.0.0.202602081740/tools/bin/../lib/gcc/arm-none-eabi/14.3.1/../../../../arm-none-eabi/lib/thumb/v7e-m+fp/hard/libc_nano.a(libc_a-fwalk.o)
                              /Applications/STM32CubeIDE.app/Contents/Eclipse/plugins/com.st.stm32cube.ide.mcu.externaltools.gnu-tools-for-stm32.14.3.rel1.macosaarch64_1.0.0.202602081740/tools/bin/../lib/gcc/arm-none-eabi/14.3.1/../../../../arm-none-eabi/lib/thumb/v7e-m+fp/hard/libc_nano.a(libc_a-findfp.o) (_fwalk_sglue)
/Applications/STM32CubeIDE.app/Contents/Eclipse/plugins/com.st.stm32cube.ide.mcu.externaltools.gnu-tools-for-stm32.14.3.rel1.macosaarch64_1.0.0.202602081740/tools/bin/../lib/gcc/arm-none-eabi/14.3.1/../../../../arm-none-eabi/lib/thumb/v7e-m+fp/hard/libc_nano.a(libc_a-memset.o)
                              /Applications/STM32CubeIDE.app/Contents/Eclipse/plugins/com.st.stm32cube.ide.mcu.externaltools.gnu-tools-for-stm32.14.3.rel1.macosaarch64_1.0.0.202602081740/tools/bin/../lib/gcc/arm-none-eabi/14.3.1/../../../../arm-none-eabi/lib/thumb/v7e-m+fp/hard/crt0.o (memset)
/Applications/STM32CubeIDE.app/Contents/Eclipse/plugins/com.st.stm32cube.ide.mcu.externaltools.gnu-tools-for-stm32.14.3.rel1.macosaarch64_1.0.0.202602081740/tools/bin/../lib/gcc/arm-none-eabi/14.3.1/../../../../arm-none-eabi/lib/thumb/v7e-m+fp/hard/libc_nano.a(libc_a-errno.o)
                              ./Core/Src/syscalls.o (symbol from plugin) (__errno)
/Applications/STM32CubeIDE.app/Contents/Eclipse/plugins/com.st.stm32cube.ide.mcu.externaltools.gnu-tools-for-stm32.14.3.rel1.macosaarch64_1.0.0.202602081740/tools/bin/../lib/gcc/arm-none-eabi/14.3.1/../../../../arm-none-eabi/lib/thumb/v7e-m+fp/hard/libc_nano.a(libc_a-init.o)
                              /Applications/STM32CubeIDE.app/Contents/Eclipse/plugins/com.st.stm32cube.ide.mcu.externaltools.gnu-tools-for-stm32.14.3.rel1.macosaarch64_1.0.0.202602081740/tools/bin/../lib/gcc/arm-none-eabi/14.3.1/../../../../arm-none-eabi/lib/thumb/v7e-m+fp/hard/crt0.o (__libc_init_array)
/Applications/STM32CubeIDE.app/Contents/Eclipse/plugins/com.st.stm32cube.ide.mcu.externaltools.gnu-tools-for-stm32.14.3.rel1.macosaarch64_1.0.0.202602081740/tools/bin/../lib/gcc/arm-none-eabi/14.3.1/../../../../arm-none-eabi/lib/thumb/v7e-m+fp/hard/libc_nano.a(libc_a-lock.o)
                              /Applications/STM32CubeIDE.app/Contents/Eclipse/plugins/com.st.stm32cube.ide.mcu.externaltools.gnu-tools-for-stm32.14.3.rel1.macosaarch64_1.0.0.202602081740/tools/bin/../lib/gcc/arm-none-eabi/14.3.1/../../../../arm-none-eabi/lib/thumb/v7e-m+fp/hard/libc_nano.a(libc_a-findfp.o) (__retarget_lock_init_recursive)
/Applications/STM32CubeIDE.app/Contents/Eclipse/plugins/com.st.stm32cube.ide.mcu.externaltools.gnu-tools-for-stm32.14.3.rel1.macosaarch64_1.0.0.202602081740/tools/bin/../lib/gcc/arm-none-eabi/14.3.1/../../../../arm-none-eabi/lib/thumb/v7e-m+fp/hard/libc_nano.a(libc_a-impure.o)
                              /Applications/STM32CubeIDE.app/Contents/Eclipse/plugins/com.st.stm32cube.ide.mcu.externaltools.gnu-tools-for-stm32.14.3.rel1.macosaarch64_1.0.0.202602081740/tools/bin/../lib/gcc/arm-none-eabi/14.3.1/../../../../arm-none-eabi/lib/thumb/v7e-m+fp/hard/libc_nano.a(libc_a-errno.o) (_impure_ptr)
/Applications/STM32CubeIDE.app/Contents/Eclipse/plugins/com.st.stm32cube.ide.mcu.externaltools.gnu-tools-for-stm32.14.3.rel1.macosaarch64_1.0.0.202602081740/tools/bin/../lib/gcc/arm-none-eabi/14.3.1/../../../../arm-none-eabi/lib/thumb/v7e-m+fp/hard/libc_nano.a(libc_a-mallocr.o)
[...]
Memory Configuration

Name             Origin             Length             Attributes
RAM              0x20000000         0x00020000         xrw
FLASH            0x08000000         0x00080000         xr
*default*        0x00000000         0xffffffff

Linker script and memory map

LOAD /Applications/STM32CubeIDE.app/Contents/Eclipse/plugins/com.st.stm32cube.ide.mcu.externaltools.gnu-tools-for-stm32.14.3.rel1.macosaarch64_1.0.0.202602081740/tools/bin/../lib/gcc/arm-none-eabi/14.3.1/thumb/v7e-m+fp/hard/crti.o
LOAD /Applications/STM32CubeIDE.app/Contents/Eclipse/plugins/com.st.stm32cube.ide.mcu.externaltools.gnu-tools-for-stm32.14.3.rel1.macosaarch64_1.0.0.202602081740/tools/bin/../lib/gcc/arm-none-eabi/14.3.1/thumb/v7e-m+fp/hard/crtbegin.o
LOAD /Applications/STM32CubeIDE.app/Contents/Eclipse/plugins/com.st.stm32cube.ide.mcu.externaltools.gnu-tools-for-stm32.14.3.rel1.macosaarch64_1.0.0.202602081740/tools/bin/../lib/gcc/arm-none-eabi/14.3.1/../../../../arm-none-eabi/lib/thumb/v7e-m+fp/hard/crt0.o
LOAD ./Core/Src/main.o
LOAD /var/folders/ry/3gwbg9l52_z6typ27v52qsyr0000gn/T//ccfU9FZy.ltrans0.ltrans.o
LOAD /var/folders/ry/3gwbg9l52_z6typ27v52qsyr0000gn/T//ccpVU34P.debug.temp.o
LOAD /var/folders/ry/3gwbg9l52_z6typ27v52qsyr0000gn/T//ccYFlSby.debug.temp.o
LOAD /var/folders/ry/3gwbg9l52_z6typ27v52qsyr0000gn/T//ccU3kN9e.debug.temp.o
LOAD /var/folders/ry/3gwbg9l52_z6typ27v52qsyr0000gn/T//ccv3vZSr.debug.temp.o
LOAD /var/folders/ry/3gwbg9l52_z6typ27v52qsyr0000gn/T//ccGPNY1J.debug.temp.o
LOAD /var/folders/ry/3gwbg9l52_z6typ27v52qsyr0000gn/T//ccPI9b1V.debug.temp.o
LOAD /var/folders/ry/3gwbg9l52_z6typ27v52qsyr0000gn/T//ccosLIIl.debug.temp.o
LOAD /var/folders/ry/3gwbg9l52_z6typ27v52qsyr0000gn/T//ccXXXBgO.debug.temp.o
LOAD /var/folders/ry/3gwbg9l52_z6typ27v52qsyr0000gn/T//cciUvooB.debug.temp.o
LOAD /var/folders/ry/3gwbg9l52_z6typ27v52qsyr0000gn/T//ccLVVAsx.debug.temp.o
LOAD /var/folders/ry/3gwbg9l52_z6typ27v52qsyr0000gn/T//ccQx5oX8.debug.temp.o
LOAD /var/folders/ry/3gwbg9l52_z6typ27v52qsyr0000gn/T//ccLk6yKX.debug.temp.o
LOAD /var/folders/ry/3gwbg9l52_z6typ27v52qsyr0000gn/T//ccjkR4b0.debug.temp.o
LOAD /var/folders/ry/3gwbg9l52_z6typ27v52qsyr0000gn/T//ccL1JzLy.debug.temp.o
LOAD /var/folders/ry/3gwbg9l52_z6typ27v52qsyr0000gn/T//ccNsdKTc.debug.temp.o
LOAD /var/folders/ry/3gwbg9l52_z6typ27v52qsyr0000gn/T//ccFihjkN.debug.temp.o
LOAD /var/folders/ry/3gwbg9l52_z6typ27v52qsyr0000gn/T//ccFcCXP4.debug.temp.o
LOAD /var/folders/ry/3gwbg9l52_z6typ27v52qsyr0000gn/T//ccjUBHlG.debug.temp.o
LOAD /var/folders/ry/3gwbg9l52_z6typ27v52qsyr0000gn/T//cc7lRL2p.debug.temp.o
LOAD /var/folders/ry/3gwbg9l52_z6typ27v52qsyr0000gn/T//ccvcmAEp.debug.temp.o
LOAD /var/folders/ry/3gwbg9l52_z6typ27v52qsyr0000gn/T//ccBFoFiD.debug.temp.o
LOAD /var/folders/ry/3gwbg9l52_z6typ27v52qsyr0000gn/T//ccw5s5F1.debug.temp.o
LOAD /var/folders/ry/3gwbg9l52_z6typ27v52qsyr0000gn/T//cc6WvE8f.debug.temp.o
LOAD /var/folders/ry/3gwbg9l52_z6typ27v52qsyr0000gn/T//ccPLSNsp.debug.temp.o
LOAD /var/folders/ry/3gwbg9l52_z6typ27v52qsyr0000gn/T//cctbyXSk.debug.temp.o
LOAD /var/folders/ry/3gwbg9l52_z6typ27v52qsyr0000gn/T//ccbDZ9YT.debug.temp.o
LOAD /var/folders/ry/3gwbg9l52_z6typ27v52qsyr0000gn/T//ccETguK0.debug.temp.o
LOAD /var/folders/ry/3gwbg9l52_z6typ27v52qsyr0000gn/T//ccoDdLVO.debug.temp.o
LOAD /var/folders/ry/3gwbg9l52_z6typ27v52qsyr0000gn/T//ccco6FKn.debug.temp.o
LOAD /var/folders/ry/3gwbg9l52_z6typ27v52qsyr0000gn/T//ccqeSxPR.debug.temp.o
LOAD /var/folders/ry/3gwbg9l52_z6typ27v52qsyr0000gn/T//ccN5sZK1.debug.temp.o
LOAD /var/folders/ry/3gwbg9l52_z6typ27v52qsyr0000gn/T//cclZvP8o.debug.temp.o
LOAD ./Core/Src/stm32f4xx_hal_msp.o
LOAD ./Core/Src/stm32f4xx_it.o
LOAD ./Core/Src/syscalls.o
LOAD ./Core/Src/sysmem.o
LOAD ./Core/Src/system_stm32f4xx.o
LOAD ./Core/Startup/startup_stm32f411xe.o
LOAD ./Drivers/STM32F4xx_HAL_Driver/Src/stm32f4xx_hal.o
LOAD ./Drivers/STM32F4xx_HAL_Driver/Src/stm32f4xx_hal_cortex.o
LOAD ./Drivers/STM32F4xx_HAL_Driver/Src/stm32f4xx_hal_dma.o
LOAD ./Drivers/STM32F4xx_HAL_Driver/Src/stm32f4xx_hal_dma_ex.o
LOAD ./Drivers/STM32F4xx_HAL_Driver/Src/stm32f4xx_hal_exti.o
LOAD ./Drivers/STM32F4xx_HAL_Driver/Src/stm32f4xx_hal_flash.o
LOAD ./Drivers/STM32F4xx_HAL_Driver/Src/stm32f4xx_hal_flash_ex.o
LOAD ./Drivers/STM32F4xx_HAL_Driver/Src/stm32f4xx_hal_flash_ramfunc.o
LOAD ./Drivers/STM32F4xx_HAL_Driver/Src/stm32f4xx_hal_gpio.o
LOAD ./Drivers/STM32F4xx_HAL_Driver/Src/stm32f4xx_hal_pcd.o
LOAD ./Drivers/STM32F4xx_HAL_Driver/Src/stm32f4xx_hal_pcd_ex.o
LOAD ./Drivers/STM32F4xx_HAL_Driver/Src/stm32f4xx_hal_pwr.o
LOAD ./Drivers/STM32F4xx_HAL_Driver/Src/stm32f4xx_hal_pwr_ex.o
LOAD ./Drivers/STM32F4xx_HAL_Driver/Src/stm32f4xx_hal_rcc.o
LOAD ./Drivers/STM32F4xx_HAL_Driver/Src/stm32f4xx_hal_rcc_ex.o
LOAD ./Drivers/STM32F4xx_HAL_Driver/Src/stm32f4xx_hal_tim.o
LOAD ./Drivers/STM32F4xx_HAL_Driver/Src/stm32f4xx_hal_tim_ex.o
LOAD ./Drivers/STM32F4xx_HAL_Driver/Src/stm32f4xx_ll_usb.o
LOAD ./Middlewares/ST/STM32_USB_Device_Library/Class/CDC/Src/usbd_cdc.o
LOAD ./Middlewares/ST/STM32_USB_Device_Library/Core/Src/usbd_core.o
LOAD ./Middlewares/ST/STM32_USB_Device_Library/Core/Src/usbd_ctlreq.o
LOAD ./Middlewares/ST/STM32_USB_Device_Library/Core/Src/usbd_ioreq.o
LOAD ./USB_DEVICE/App/usb_device.o
LOAD ./USB_DEVICE/App/usbd_cdc_if.o
LOAD ./USB_DEVICE/App/usbd_desc.o
LOAD ./USB_DEVICE/Target/usbd_conf.o
START GROUP
LOAD /Applications/STM32CubeIDE.app/Contents/Eclipse/plugins/com.st.stm32cube.ide.mcu.externaltools.gnu-tools-for-stm32.14.3.rel1.macosaarch64_1.0.0.202602081740/tools/bin/../lib/gcc/arm-none-eabi/14.3.1/../../../../arm-none-eabi/lib/thumb/v7e-m+fp/hard/libc_nano.a
LOAD /Applications/STM32CubeIDE.app/Contents/Eclipse/plugins/com.st.stm32cube.ide.mcu.externaltools.gnu-tools-for-stm32.14.3.rel1.macosaarch64_1.0.0.202602081740/tools/bin/../lib/gcc/arm-none-eabi/14.3.1/../../../../arm-none-eabi/lib/thumb/v7e-m+fp/hard/libm.a
END GROUP
START GROUP
LOAD /Applications/STM32CubeIDE.app/Contents/Eclipse/plugins/com.st.stm32cube.ide.mcu.externaltools.gnu-tools-for-stm32.14.3.rel1.macosaarch64_1.0.0.202602081740/tools/bin/../lib/gcc/arm-none-eabi/14.3.1/thumb/v7e-m+fp/hard/libgcc.a
LOAD /Applications/STM32CubeIDE.app/Contents/Eclipse/plugins/com.st.stm32cube.ide.mcu.externaltools.gnu-tools-for-stm32.14.3.rel1.macosaarch64_1.0.0.202602081740/tools/bin/../lib/gcc/arm-none-eabi/14.3.1/../../../../arm-none-eabi/lib/thumb/v7e-m+fp/hard/libc_nano.a
END GROUP
START GROUP
LOAD /Applications/STM32CubeIDE.app/Contents/Eclipse/plugins/com.st.stm32cube.ide.mcu.externaltools.gnu-tools-for-stm32.14.3.rel1.macosaarch64_1.0.0.202602081740/tools/bin/../lib/gcc/arm-none-eabi/14.3.1/thumb/v7e-m+fp/hard/libgcc.a
LOAD /Applications/STM32CubeIDE.app/Contents/Eclipse/plugins/com.st.stm32cube.ide.mcu.externaltools.gnu-tools-for-stm32.14.3.rel1.macosaarch64_1.0.0.202602081740/tools/bin/../lib/gcc/arm-none-eabi/14.3.1/../../../../arm-none-eabi/lib/thumb/v7e-m+fp/hard/libc_nano.a
LOAD /Applications/STM32CubeIDE.app/Contents/Eclipse/plugins/com.st.stm32cube.ide.mcu.externaltools.gnu-tools-for-stm32.14.3.rel1.macosaarch64_1.0.0.202602081740/tools/bin/../lib/gcc/arm-none-eabi/14.3.1/../../../../arm-none-eabi/lib/thumb/v7e-m+fp/hard/libnosys.a
END GROUP
START GROUP
LOAD /Applications/STM32CubeIDE.app/Contents/Eclipse/plugins/com.st.stm32cube.ide.mcu.externaltools.gnu-tools-for-stm32.14.3.rel1.macosaarch64_1.0.0.202602081740/tools/bin/../lib/gcc/arm-none-eabi/14.3.1/thumb/v7e-m+fp/hard/libgcc.a
LOAD /Applications/STM32CubeIDE.app/Contents/Eclipse/plugins/com.st.stm32cube.ide.mcu.externaltools.gnu-tools-for-stm32.14.3.rel1.macosaarch64_1.0.0.202602081740/tools/bin/../lib/gcc/arm-none-eabi/14.3.1/../../../../arm-none-eabi/lib/thumb/v7e-m+fp/hard/libc_nano.a
LOAD /Applications/STM32CubeIDE.app/Contents/Eclipse/plugins/com.st.stm32cube.ide.mcu.externaltools.gnu-tools-for-stm32.14.3.rel1.macosaarch64_1.0.0.202602081740/tools/bin/../lib/gcc/arm-none-eabi/14.3.1/../../../../arm-none-eabi/lib/thumb/v7e-m+fp/hard/libnosys.a
END GROUP
LOAD /Applications/STM32CubeIDE.app/Contents/Eclipse/plugins/com.st.stm32cube.ide.mcu.externaltools.gnu-tools-for-stm32.14.3.rel1.macosaarch64_1.0.0.202602081740/tools/bin/../lib/gcc/arm-none-eabi/14.3.1/thumb/v7e-m+fp/hard/crtend.o
LOAD /Applications/STM32CubeIDE.app/Contents/Eclipse/plugins/com.st.stm32cube.ide.mcu.externaltools.gnu-tools-for-stm32.14.3.rel1.macosaarch64_1.0.0.202602081740/tools/bin/../lib/gcc/arm-none-eabi/14.3.1/thumb/v7e-m+fp/hard/crtn.o
                0x20020000                        _estack = (ORIGIN (RAM) + LENGTH (RAM))
                0x00000000                        _Min_Heap_Size = 0x0
                0x00000400                        _Min_Stack_Size = 0x400

.isr_vector     0x08000000      0x198
                0x08000000                        . = ALIGN (0x4)
 *(.isr_vector)
 .isr_vector    0x08000000      0x198 ./Core/Startup/startup_stm32f411xe.o
                0x08000000                g_pfnVectors
                0x08000198                        . = ALIGN (0x4)

.text           0x08000198     0x2a64
                0x08000198                        . = ALIGN (0x4)
 *(.text)
 .text          0x08000198       0x40 /Applications/STM32CubeIDE.app/Contents/Eclipse/plugins/com.st.stm32cube.ide.mcu.externaltools.gnu-tools-for-stm32.14.3.rel1.macosaarch64_1.0.0.202602081740/tools/bin/../lib/gcc/arm-none-eabi/14.3.1/thumb/v7e-m+fp/hard/crtbegin.o
 .text          0x080001d8     0x1e4c /var/folders/ry/3gwbg9l52_z6typ27v52qsyr0000gn/T//ccfU9FZy.ltrans0.ltrans.o
                0x08000fec                NMI_Handler
                0x08000fee                HardFault_Handler
                0x08000ff0                MemManage_Handler
                0x08000ff2                BusFault_Handler
                0x08000ff4                UsageFault_Handler
                0x08000ff6                SVC_Handler
                0x08000ff8                DebugMon_Handler
                0x08000ffa                PendSV_Handler
                0x08000ffc                SysTick_Handler
                0x08001010                OTG_FS_IRQHandler
                0x08001f80                _exit
                0x08001f8c                _read
                0x08001fa8                _write
                0x08001fc4                _close
                0x08001fca                _lseek
                0x08001fce                _sbrk
                0x08002010                SystemInit
 .text          0x08002024       0x10 /Applications/STM32CubeIDE.app/Contents/Eclipse/plugins/com.st.stm32cube.ide.mcu.externaltools.gnu-tools-for-stm32.14.3.rel1.macosaarch64_1.0.0.202602081740/tools/bin/../lib/gcc/arm-none-eabi/14.3.1/../../../../arm-none-eabi/lib/thumb/v7e-m+fp/hard/libc_nano.a(libc_a-strlen.o)
                0x08002024                strlen
 .text          0x08002034       0x30 /Applications/STM32CubeIDE.app/Contents/Eclipse/plugins/com.st.stm32cube.ide.mcu.externaltools.gnu-tools-for-stm32.14.3.rel1.macosaarch64_1.0.0.202602081740/tools/bin/../lib/gcc/arm-none-eabi/14.3.1/thumb/v7e-m+fp/hard/libgcc.a(_aeabi_uldivmod.o)
                0x08002034                __aeabi_uldivmod
 .text          0x08002064      0x2f8 /Applications/STM32CubeIDE.app/Contents/Eclipse/plugins/com.st.stm32cube.ide.mcu.externaltools.gnu-tools-for-stm32.14.3.rel1.macosaarch64_1.0.0.202602081740/tools/bin/../lib/gcc/arm-none-eabi/14.3.1/thumb/v7e-m+fp/hard/libgcc.a(_udivmoddi4.o)
                0x08002064                __udivmoddi4
 .text          0x0800235c        0x4 /Applications/STM32CubeIDE.app/Contents/Eclipse/plugins/com.st.stm32cube.ide.mcu.externaltools.gnu-tools-for-stm32.14.3.rel1.macosaarch64_1.0.0.202602081740/tools/bin/../lib/gcc/arm-none-eabi/14.3.1/thumb/v7e-m+fp/hard/libgcc.a(_dvmd_tls.o)
                0x0800235c                __aeabi_ldiv0
                0x0800235c                __aeabi_idiv0
 *(.text*)
 .text.startup  0x08002360      0x7cc /var/folders/ry/3gwbg9l52_z6typ27v52qsyr0000gn/T//ccfU9FZy.ltrans0.ltrans.o
                0x08002360                main
 .text.Reset_Handler
                0x08002b2c       0x50 ./Core/Startup/startup_stm32f411xe.o
                0x08002b2c                Reset_Handler
 .text.Default_Handler
                0x08002b7c        0x2 ./Core/Startup/startup_stm32f411xe.o
                0x08002b7c                DMA1_Stream3_IRQHandler
                0x08002b7c                EXTI2_IRQHandler
                0x08002b7c                SPI4_IRQHandler
                0x08002b7c                TIM1_CC_IRQHandler
                0x08002b7c                DMA2_Stream5_IRQHandler
                0x08002b7c                DMA1_Stream5_IRQHandler
                0x08002b7c                PVD_IRQHandler
                0x08002b7c                SDIO_IRQHandler
                0x08002b7c                TAMP_STAMP_IRQHandler
                0x08002b7c                EXTI3_IRQHandler
                0x08002b7c                TIM1_UP_TIM10_IRQHandler
                0x08002b7c                I2C3_ER_IRQHandler
                0x08002b7c                EXTI0_IRQHandler
                0x08002b7c                I2C2_EV_IRQHandler
                0x08002b7c                DMA1_Stream2_IRQHandler
                0x08002b7c                FPU_IRQHandler
                0x08002b7c                DMA2_Stream2_IRQHandler
                0x08002b7c                SPI1_IRQHandler
                0x08002b7c                TIM1_BRK_TIM9_IRQHandler
                0x08002b7c                DMA2_Stream3_IRQHandler
                0x08002b7c                USART6_IRQHandler
                0x08002b7c                DMA2_Stream0_IRQHandler
                0x08002b7c                TIM4_IRQHandler
                0x08002b7c                I2C1_EV_IRQHandler
                0x08002b7c                DMA1_Stream6_IRQHandler
                0x08002b7c                DMA1_Stream1_IRQHandler
                0x08002b7c                TIM3_IRQHandler
                0x08002b7c                RCC_IRQHandler
                0x08002b7c                Default_Handler
                0x08002b7c                EXTI15_10_IRQHandler
                0x08002b7c                ADC_IRQHandler
                0x08002b7c                DMA1_Stream7_IRQHandler
                0x08002b7c                SPI5_IRQHandler
                0x08002b7c                TIM5_IRQHandler
                0x08002b7c                DMA2_Stream7_IRQHandler
                0x08002b7c                I2C3_EV_IRQHandler
                0x08002b7c                EXTI9_5_IRQHandler
                0x08002b7c                RTC_WKUP_IRQHandler
                0x08002b7c                SPI2_IRQHandler
                0x08002b7c                DMA1_Stream0_IRQHandler
                0x08002b7c                EXTI4_IRQHandler
                0x08002b7c                WWDG_IRQHandler
                0x08002b7c                TIM2_IRQHandler
                0x08002b7c                OTG_FS_WKUP_IRQHandler
                0x08002b7c                TIM1_TRG_COM_TIM11_IRQHandler
                0x08002b7c                EXTI1_IRQHandler
                0x08002b7c                USART2_IRQHandler
                0x08002b7c                I2C2_ER_IRQHandler
                0x08002b7c                DMA2_Stream1_IRQHandler
                0x08002b7c                FLASH_IRQHandler
                0x08002b7c                DMA2_Stream4_IRQHandler
                0x08002b7c                USART1_IRQHandler
                0x08002b7c                SPI3_IRQHandler
                0x08002b7c                DMA1_Stream4_IRQHandler
                0x08002b7c                I2C1_ER_IRQHandler
                0x08002b7c                DMA2_Stream6_IRQHandler
                0x08002b7c                RTC_Alarm_IRQHandler
 .text.memset   0x08002b7e       0x10 /Applications/STM32CubeIDE.app/Contents/Eclipse/plugins/com.st.stm32cube.ide.mcu.externaltools.gnu-tools-for-stm32.14.3.rel1.macosaarch64_1.0.0.202602081740/tools/bin/../lib/gcc/arm-none-eabi/14.3.1/../../../../arm-none-eabi/lib/thumb/v7e-m+fp/hard/libc_nano.a(libc_a-memset.o)
                0x08002b7e                memset
 *fill*         0x08002b8e        0x2 
 .text.__errno  0x08002b90        0xc /Applications/STM32CubeIDE.app/Contents/Eclipse/plugins/com.st.stm32cube.ide.mcu.externaltools.gnu-tools-for-stm32.14.3.rel1.macosaarch64_1.0.0.202602081740/tools/bin/../lib/gcc/arm-none-eabi/14.3.1/../../../../arm-none-eabi/lib/thumb/v7e-m+fp/hard/libc_nano.a(libc_a-errno.o)
                0x08002b90                __errno
 .text.__libc_init_array
                0x08002b9c       0x48 /Applications/STM32CubeIDE.app/Contents/Eclipse/plugins/com.st.stm32cube.ide.mcu.externaltools.gnu-tools-for-stm32.14.3.rel1.macosaarch64_1.0.0.202602081740/tools/bin/../lib/gcc/arm-none-eabi/14.3.1/../../../../arm-none-eabi/lib/thumb/v7e-m+fp/hard/libc_nano.a(libc_a-init.o)
                0x08002b9c                __libc_init_array
 *(.glue_7)
 .glue_7        0x08002be4        0x0 linker stubs
 *(.glue_7t)
 .glue_7t       0x08002be4        0x0 linker stubs
 *(.eh_frame)
 .eh_frame      0x08002be4        0x0 /Applications/STM32CubeIDE.app/Contents/Eclipse/plugins/com.st.stm32cube.ide.mcu.externaltools.gnu-tools-for-stm32.14.3.rel1.macosaarch64_1.0.0.202602081740/tools/bin/../lib/gcc/arm-none-eabi/14.3.1/thumb/v7e-m+fp/hard/crtbegin.o
 *(.init)
 .init          0x08002be4        0x4 /Applications/STM32CubeIDE.app/Contents/Eclipse/plugins/com.st.stm32cube.ide.mcu.externaltools.gnu-tools-for-stm32.14.3.rel1.macosaarch64_1.0.0.202602081740/tools/bin/../lib/gcc/arm-none-eabi/14.3.1/thumb/v7e-m+fp/hard/crti.o
                0x08002be4                _init
 .init          0x08002be8        0x8 /Applications/STM32CubeIDE.app/Contents/Eclipse/plugins/com.st.stm32cube.ide.mcu.externaltools.gnu-tools-for-stm32.14.3.rel1.macosaarch64_1.0.0.202602081740/tools/bin/../lib/gcc/arm-none-eabi/14.3.1/thumb/v7e-m+fp/hard/crtn.o
 *(.fini)
 .fini          0x08002bf0        0x4 /Applications/STM32CubeIDE.app/Contents/Eclipse/plugins/com.st.stm32cube.ide.mcu.externaltools.gnu-tools-for-stm32.14.3.rel1.macosaarch64_1.0.0.202602081740/tools/bin/../lib/gcc/arm-none-eabi/14.3.1/thumb/v7e-m+fp/hard/crti.o
                0x08002bf0                _fini
 .fini          0x08002bf4        0x8 /Applications/STM32CubeIDE.app/Contents/Eclipse/plugins/com.st.stm32cube.ide.mcu.externaltools.gnu-tools-for-stm32.14.3.rel1.macosaarch64_1.0.0.202602081740/tools/bin/../lib/gcc/arm-none-eabi/14.3.1/thumb/v7e-m+fp/hard/crtn.o
                0x08002bfc                        . = ALIGN (0x4)
                0x08002bfc                        _etext = .

.vfp11_veneer   0x08002bfc        0x0
 .vfp11_veneer  0x08002bfc        0x0 linker stubs

.v4_bx          0x08002bfc        0x0
 .v4_bx         0x08002bfc        0x0 linker stubs

.iplt           0x08002bfc        0x0
 .iplt          0x08002bfc        0x0 /Applications/STM32CubeIDE.app/Contents/Eclipse/plugins/com.st.stm32cube.ide.mcu.externaltools.gnu-tools-for-stm32.14.3.rel1.macosaarch64_1.0.0.202602081740/tools/bin/../lib/gcc/arm-none-eabi/14.3.1/thumb/v7e-m+fp/hard/crtbegin.o

.rodata         0x08002bfc       0x9c
                0x08002bfc                        . = ALIGN (0x4)
 *(.rodata)
 .rodata        0x08002bfc       0x58 /var/folders/ry/3gwbg9l52_z6typ27v52qsyr0000gn/T//ccfU9FZy.ltrans0.ltrans.o
 *(.rodata*)
 .rodata.str1.1
                0x08002c54       0x42 /var/folders/ry/3gwbg9l52_z6typ27v52qsyr0000gn/T//ccfU9FZy.ltrans0.ltrans.o
                0x08002c98                        . = ALIGN (0x4)
 *fill*         0x08002c96        0x2 

.ARM.extab      0x08002c98        0x0
                0x08002c98                        . = ALIGN (0x4)
 *(.ARM.extab* .gnu.linkonce.armextab.*)
                0x08002c98                        . = ALIGN (0x4)

.ARM            0x08002c98        0x8
                0x08002c98                        . = ALIGN (0x4)
                0x08002c98                        __exidx_start = .
 *(.ARM.exidx*)
 .ARM.exidx     0x08002c98        0x8 /Applications/STM32CubeIDE.app/Contents/Eclipse/plugins/com.st.stm32cube.ide.mcu.externaltools.gnu-tools-for-stm32.14.3.rel1.macosaarch64_1.0.0.202602081740/tools/bin/../lib/gcc/arm-none-eabi/14.3.1/../../../../arm-none-eabi/lib/thumb/v7e-m+fp/hard/libc_nano.a(libc_a-strlen.o)
 .ARM.exidx     0x08002ca0        0x0 /Applications/STM32CubeIDE.app/Contents/Eclipse/plugins/com.st.stm32cube.ide.mcu.externaltools.gnu-tools-for-stm32.14.3.rel1.macosaarch64_1.0.0.202602081740/tools/bin/../lib/gcc/arm-none-eabi/14.3.1/thumb/v7e-m+fp/hard/libgcc.a(_udivmoddi4.o)
                                  0x8 (size before relaxing)
                0x08002ca0                        __exidx_end = .
                0x08002ca0                        . = ALIGN (0x4)

.preinit_array  0x08002ca0        0x0
                0x08002ca0                        . = ALIGN (0x4)
                0x08002ca0                        PROVIDE (__preinit_array_start = .)
 *(.preinit_array*)
                0x08002ca0                        PROVIDE (__preinit_array_end = .)
                0x08002ca0                        . = ALIGN (0x4)

.init_array     0x08002ca0        0x4
                0x08002ca0                        . = ALIGN (0x4)
                0x08002ca0                        PROVIDE (__init_array_start = .)
 *(SORT_BY_NAME(.init_array.*))
 *(.init_array*)
 .init_array    0x08002ca0        0x4 /Applications/STM32CubeIDE.app/Contents/Eclipse/plugins/com.st.stm32cube.ide.mcu.externaltools.gnu-tools-for-stm32.14.3.rel1.macosaarch64_1.0.0.202602081740/tools/bin/../lib/gcc/arm-none-eabi/14.3.1/thumb/v7e-m+fp/hard/crtbegin.o
                0x08002ca4                        PROVIDE (__init_array_end = .)
                0x08002ca4                        . = ALIGN (0x4)

.fini_array     0x08002ca4        0x4
                0x08002ca4                        . = ALIGN (0x4)
                [!provide]                        PROVIDE (__fini_array_start = .)
 *(SORT_BY_NAME(.fini_array.*))
 *(.fini_array*)
 .fini_array    0x08002ca4        0x4 /Applications/STM32CubeIDE.app/Contents/Eclipse/plugins/com.st.stm32cube.ide.mcu.externaltools.gnu-tools-for-stm32.14.3.rel1.macosaarch64_1.0.0.202602081740/tools/bin/../lib/gcc/arm-none-eabi/14.3.1/thumb/v7e-m+fp/hard/crtbegin.o
                [!provide]                        PROVIDE (__fini_array_end = .)
                0x08002ca8                        . = ALIGN (0x4)
                0x08002ca8                        _sidata = LOADADDR (.data)

.rel.dyn        0x08002ca8        0x0
 .rel.iplt      0x08002ca8        0x0 /Applications/STM32CubeIDE.app/Contents/Eclipse/plugins/com.st.stm32cube.ide.mcu.externaltools.gnu-tools-for-stm32.14.3.rel1.macosaarch64_1.0.0.202602081740/tools/bin/../lib/gcc/arm-none-eabi/14.3.1/thumb/v7e-m+fp/hard/crtbegin.o

.data           0x20000000      0x144 load address 0x08002ca8
                0x20000000                        . = ALIGN (0x4)
                0x20000000                        _sdata = .
 *(.data)
 .data          0x20000000       0xf4 /var/folders/ry/3gwbg9l52_z6typ27v52qsyr0000gn/T//ccfU9FZy.ltrans0.ltrans.o
 *(.data*)
 .data._impure_ptr
                0x200000f4        0x4 /Applications/STM32CubeIDE.app/Contents/Eclipse/plugins/com.st.stm32cube.ide.mcu.externaltools.gnu-tools-for-stm32.14.3.rel1.macosaarch64_1.0.0.202602081740/tools/bin/../lib/gcc/arm-none-eabi/14.3.1/../../../../arm-none-eabi/lib/thumb/v7e-m+fp/hard/libc_nano.a(libc_a-impure.o)
                0x200000f4                _impure_ptr
 .data._impure_data
                0x200000f8       0x4c /Applications/STM32CubeIDE.app/Contents/Eclipse/plugins/com.st.stm32cube.ide.mcu.externaltools.gnu-tools-for-stm32.14.3.rel1.macosaarch64_1.0.0.202602081740/tools/bin/../lib/gcc/arm-none-eabi/14.3.1/../../../../arm-none-eabi/lib/thumb/v7e-m+fp/hard/libc_nano.a(libc_a-impure.o)
                0x200000f8                _impure_data
 *(.RamFunc)
 *(.RamFunc*)
                0x20000144                        . = ALIGN (0x4)
                0x20000144                        _edata = .

.igot.plt       0x20000144        0x0 load address 0x08002dec
 .igot.plt      0x20000144        0x0 /Applications/STM32CubeIDE.app/Contents/Eclipse/plugins/com.st.stm32cube.ide.mcu.externaltools.gnu-tools-for-stm32.14.3.rel1.macosaarch64_1.0.0.202602081740/tools/bin/../lib/gcc/arm-none-eabi/14.3.1/thumb/v7e-m+fp/hard/crtbegin.o
                0x20000144                        . = ALIGN (0x4)

.bss            0x20000144      0xbd0 load address 0x08002dec
                0x20000144                        _sbss = .
                0x20000144                        __bss_start__ = _sbss
 *(.bss)
 .bss           0x20000144       0x1c /Applications/STM32CubeIDE.app/Contents/Eclipse/plugins/com.st.stm32cube.ide.mcu.externaltools.gnu-tools-for-stm32.14.3.rel1.macosaarch64_1.0.0.202602081740/tools/bin/../lib/gcc/arm-none-eabi/14.3.1/thumb/v7e-m+fp/hard/crtbegin.o
 .bss           0x20000160      0xa7c /var/folders/ry/3gwbg9l52_z6typ27v52qsyr0000gn/T//ccfU9FZy.ltrans0.ltrans.o
 *(.bss*)
 .bss.__sf      0x20000bdc      0x138 /Applications/STM32CubeIDE.app/Contents/Eclipse/plugins/com.st.stm32cube.ide.mcu.externaltools.gnu-tools-for-stm32.14.3.rel1.macosaarch64_1.0.0.202602081740/tools/bin/../lib/gcc/arm-none-eabi/14.3.1/../../../../arm-none-eabi/lib/thumb/v7e-m+fp/hard/libc_nano.a(libc_a-findfp.o)
                0x20000bdc                __sf
 *(COMMON)
                0x20000d14                        . = ALIGN (0x4)
                0x20000d14                        _ebss = .
                0x20000d14                        __bss_end__ = _ebss

._user_heap_stack
                0x20000d14      0x404 load address 0x08002dec
                0x20000d18                        . = ALIGN (0x8)
 *fill*         0x20000d14        0x4 
                [!provide]                        PROVIDE (end = .)
                0x20000d18                        PROVIDE (_end = .)
                0x20000d18                        . = (. + _Min_Heap_Size)
                0x20001118                        . = (. + _Min_Stack_Size)
 *fill*         0x20000d18      0x400 
                0x20001118                        . = ALIGN (0x8)

/DISCARD/
 libc.a(*)
 libm.a(*)
 libgcc.a(*)

.ARM.attributes
                0x00000000       0x30
 *(.ARM.attributes)
 .ARM.attributes
                0x00000000       0x22 /Applications/STM32CubeIDE.app/Contents/Eclipse/plugins/com.st.stm32cube.ide.mcu.externaltools.gnu-tools-for-stm32.14.3.rel1.macosaarch64_1.0.0.202602081740/tools/bin/../lib/gcc/arm-none-eabi/14.3.1/thumb/v7e-m+fp/hard/crti.o
 .ARM.attributes
                0x00000022       0x34 /Applications/STM32CubeIDE.app/Contents/Eclipse/plugins/com.st.stm32cube.ide.mcu.externaltools.gnu-tools-for-stm32.14.3.rel1.macosaarch64_1.0.0.202602081740/tools/bin/../lib/gcc/arm-none-eabi/14.3.1/thumb/v7e-m+fp/hard/crtbegin.o
 .ARM.attributes
                0x00000056       0x32 /var/folders/ry/3gwbg9l52_z6typ27v52qsyr0000gn/T//ccfU9FZy.ltrans0.ltrans.o
 .ARM.attributes
                0x00000088       0x21 ./Core/Startup/startup_stm32f411xe.o
 .ARM.attributes
                0x000000a9       0x34 /Applications/STM32CubeIDE.app/Contents/Eclipse/plugins/com.st.stm32cube.ide.mcu.externaltools.gnu-tools-for-stm32.14.3.rel1.macosaarch64_1.0.0.202602081740/tools/bin/../lib/gcc/arm-none-eabi/14.3.1/../../../../arm-none-eabi/lib/thumb/v7e-m+fp/hard/libc_nano.a(libc_a-findfp.o)
 .ARM.attributes
                0x000000dd       0x34 /Applications/STM32CubeIDE.app/Contents/Eclipse/plugins/com.st.stm32cube.ide.mcu.externaltools.gnu-tools-for-stm32.14.3.rel1.macosaarch64_1.0.0.202602081740/tools/bin/../lib/gcc/arm-none-eabi/14.3.1/../../../../arm-none-eabi/lib/thumb/v7e-m+fp/hard/libc_nano.a(libc_a-memset.o)
 .ARM.attributes
                0x00000111       0x34 /Applications/STM32CubeIDE.app/Contents/Eclipse/plugins/com.st.stm32cube.ide.mcu.externaltools.gnu-tools-for-stm32.14.3.rel1.macosaarch64_1.0.0.202602081740/tools/bin/../lib/gcc/arm-none-eabi/14.3.1/../../../../arm-none-eabi/lib/thumb/v7e-m+fp/hard/libc_nano.a(libc_a-errno.o)
 .ARM.attributes
                0x00000145       0x34 /Applications/STM32CubeIDE.app/Contents/Eclipse/plugins/com.st.stm32cube.ide.mcu.externaltools.gnu-tools-for-stm32.14.3.rel1.macosaarch64_1.0.0.202602081740/tools/bin/../lib/gcc/arm-none-eabi/14.3.1/../../../../arm-none-eabi/lib/thumb/v7e-m+fp/hard/libc_nano.a(libc_a-init.o)
 .ARM.attributes
                0x00000179       0x34 /Applications/STM32CubeIDE.app/Contents/Eclipse/plugins/com.st.stm32cube.ide.mcu.externaltools.gnu-tools-for-stm32.14.3.rel1.macosaarch64_1.0.0.202602081740/tools/bin/../lib/gcc/arm-none-eabi/14.3.1/../../../../arm-none-eabi/lib/thumb/v7e-m+fp/hard/libc_nano.a(libc_a-impure.o)
 .ARM.attributes
                0x000001ad       0x17 /Applications/STM32CubeIDE.app/Contents/Eclipse/plugins/com.st.stm32cube.ide.mcu.externaltools.gnu-tools-for-stm32.14.3.rel1.macosaarch64_1.0.0.202602081740/tools/bin/../lib/gcc/arm-none-eabi/14.3.1/../../../../arm-none-eabi/lib/thumb/v7e-m+fp/hard/libc_nano.a(libc_a-strlen.o)
 .ARM.attributes
                0x000001c4       0x22 /Applications/STM32CubeIDE.app/Contents/Eclipse/plugins/com.st.stm32cube.ide.mcu.externaltools.gnu-tools-for-stm32.14.3.rel1.macosaarch64_1.0.0.202602081740/tools/bin/../lib/gcc/arm-none-eabi/14.3.1/thumb/v7e-m+fp/hard/libgcc.a(_aeabi_uldivmod.o)
 .ARM.attributes
                0x000001e6       0x34 /Applications/STM32CubeIDE.app/Contents/Eclipse/plugins/com.st.stm32cube.ide.mcu.externaltools.gnu-tools-for-stm32.14.3.rel1.macosaarch64_1.0.0.202602081740/tools/bin/../lib/gcc/arm-none-eabi/14.3.1/thumb/v7e-m+fp/hard/libgcc.a(_udivmoddi4.o)
 .ARM.attributes
                0x0000021a       0x22 /Applications/STM32CubeIDE.app/Contents/Eclipse/plugins/com.st.stm32cube.ide.mcu.externaltools.gnu-tools-for-stm32.14.3.rel1.macosaarch64_1.0.0.202602081740/tools/bin/../lib/gcc/arm-none-eabi/14.3.1/thumb/v7e-m+fp/hard/libgcc.a(_dvmd_tls.o)
 .ARM.attributes
                0x0000023c       0x22 /Applications/STM32CubeIDE.app/Contents/Eclipse/plugins/com.st.stm32cube.ide.mcu.externaltools.gnu-tools-for-stm32.14.3.rel1.macosaarch64_1.0.0.202602081740/tools/bin/../lib/gcc/arm-none-eabi/14.3.1/thumb/v7e-m+fp/hard/crtn.o
OUTPUT(staj_motor_simule.elf elf32-littlearm)
LOAD linker stubs
LOAD /Applications/STM32CubeIDE.app/Contents/Eclipse/plugins/com.st.stm32cube.ide.mcu.externaltools.gnu-tools-for-stm32.14.3.rel1.macosaarch64_1.0.0.202602081740/tools/bin/../lib/gcc/arm-none-eabi/14.3.1/../../../../arm-none-eabi/lib/thumb/v7e-m+fp/hard/libc.a
LOAD /Applications/STM32CubeIDE.app/Contents/Eclipse/plugins/com.st.stm32cube.ide.mcu.externaltools.gnu-tools-for-stm32.14.3.rel1.macosaarch64_1.0.0.202602081740/tools/bin/../lib/gcc/arm-none-eabi/14.3.1/../../../../arm-none-eabi/lib/thumb/v7e-m+fp/hard/libm.a
LOAD /Applications/STM32CubeIDE.app/Contents/Eclipse/plugins/com.st.stm32cube.ide.mcu.externaltools.gnu-tools-for-stm32.14.3.rel1.macosaarch64_1.0.0.202602081740/tools/bin/../lib/gcc/arm-none-eabi/14.3.1/thumb/v7e-m+fp/hard/libgcc.a

.debug_info     0x00000000    0x10675
 .debug_info    0x00000000     0x40af /var/folders/ry/3gwbg9l52_z6typ27v52qsyr0000gn/T//ccfU9FZy.ltrans0.ltrans.o
 .debug_info    0x000040af      0x72d /var/folders/ry/3gwbg9l52_z6typ27v52qsyr0000gn/T//ccpVU34P.debug.temp.o
                0x000040af                main.c.c76545d3
 .debug_info    0x000047dc      0x269 /var/folders/ry/3gwbg9l52_z6typ27v52qsyr0000gn/T//ccYFlSby.debug.temp.o
                0x000047dc                stm32f4xx_hal_msp.c.0fb9df54
 .debug_info    0x00004a45      0x5bb /var/folders/ry/3gwbg9l52_z6typ27v52qsyr0000gn/T//ccU3kN9e.debug.temp.o
                0x00004a45                stm32f4xx_it.c.a28f9af0
 .debug_info    0x00005000      0x584 /var/folders/ry/3gwbg9l52_z6typ27v52qsyr0000gn/T//ccv3vZSr.debug.temp.o
                0x00005000                syscalls.c.f53e3b1d
 .debug_info    0x00005584      0x144 /var/folders/ry/3gwbg9l52_z6typ27v52qsyr0000gn/T//ccGPNY1J.debug.temp.o
                0x00005584                sysmem.c.a2fc6bb7
 .debug_info    0x000056c8      0x501 /var/folders/ry/3gwbg9l52_z6typ27v52qsyr0000gn/T//ccPI9b1V.debug.temp.o
                0x000056c8                system_stm32f4xx.c.9102419f
 .debug_info    0x00005bc9      0x787 /var/folders/ry/3gwbg9l52_z6typ27v52qsyr0000gn/T//ccosLIIl.debug.temp.o
                0x00005bc9                stm32f4xx_hal.c.bab28f5d
 .debug_info    0x00006350      0xa86 /var/folders/ry/3gwbg9l52_z6typ27v52qsyr0000gn/T//ccXXXBgO.debug.temp.o
                0x00006350                stm32f4xx_hal_cortex.c.3ac6ef5d
 .debug_info    0x00006dd6      0x647 /var/folders/ry/3gwbg9l52_z6typ27v52qsyr0000gn/T//ccNsdKTc.debug.temp.o
                0x00006dd6                stm32f4xx_hal_gpio.c.704f6354
 .debug_info    0x0000741d     0x12ca /var/folders/ry/3gwbg9l52_z6typ27v52qsyr0000gn/T//ccFihjkN.debug.temp.o
                0x0000741d                stm32f4xx_hal_pcd.c.ad2dea0d
 .debug_info    0x000086e7      0x699 /var/folders/ry/3gwbg9l52_z6typ27v52qsyr0000gn/T//ccFcCXP4.debug.temp.o
                0x000086e7                stm32f4xx_hal_pcd_ex.c.95f06f20
 .debug_info    0x00008d80      0x80d /var/folders/ry/3gwbg9l52_z6typ27v52qsyr0000gn/T//ccvcmAEp.debug.temp.o
                0x00008d80                stm32f4xx_hal_rcc.c.a5506088
 .debug_info    0x0000958d     0x155e /var/folders/ry/3gwbg9l52_z6typ27v52qsyr0000gn/T//ccPLSNsp.debug.temp.o
                0x0000958d                stm32f4xx_ll_usb.c.2363bbdc
 .debug_info    0x0000aaeb     0x1155 /var/folders/ry/3gwbg9l52_z6typ27v52qsyr0000gn/T//cctbyXSk.debug.temp.o
                0x0000aaeb                usbd_cdc.c.be1e594e
 .debug_info    0x0000bc40      0xc66 /var/folders/ry/3gwbg9l52_z6typ27v52qsyr0000gn/T//ccbDZ9YT.debug.temp.o
                0x0000bc40                usbd_core.c.1e576b85
 .debug_info    0x0000c8a6      0x9af /var/folders/ry/3gwbg9l52_z6typ27v52qsyr0000gn/T//ccETguK0.debug.temp.o
                0x0000c8a6                usbd_ctlreq.c.5f1d2541
 .debug_info    0x0000d255      0x6e4 /var/folders/ry/3gwbg9l52_z6typ27v52qsyr0000gn/T//ccoDdLVO.debug.temp.o
                0x0000d255                usbd_ioreq.c.6083b1bf
 .debug_info    0x0000d939      0x6f6 /var/folders/ry/3gwbg9l52_z6typ27v52qsyr0000gn/T//ccco6FKn.debug.temp.o
                0x0000d939                usb_device.c.15beda05
 .debug_info    0x0000e02f      0x8ba /var/folders/ry/3gwbg9l52_z6typ27v52qsyr0000gn/T//ccqeSxPR.debug.temp.o
                0x0000e02f                usbd_cdc_if.c.a4e86a15
 .debug_info    0x0000e8e9      0x392 /var/folders/ry/3gwbg9l52_z6typ27v52qsyr0000gn/T//ccN5sZK1.debug.temp.o
                0x0000e8e9                usbd_desc.c.ce16d7f0
 .debug_info    0x0000ec7b     0x19ca /var/folders/ry/3gwbg9l52_z6typ27v52qsyr0000gn/T//cclZvP8o.debug.temp.o
                0x0000ec7b                usbd_conf.c.22d3d91c
 .debug_info    0x00010645       0x30 ./Core/Startup/startup_stm32f411xe.o

.debug_abbrev   0x00000000     0x2930
 .debug_abbrev  0x00000000      0x306 /var/folders/ry/3gwbg9l52_z6typ27v52qsyr0000gn/T//ccfU9FZy.ltrans0.ltrans.o
 .debug_abbrev  0x00000306      0x227 /var/folders/ry/3gwbg9l52_z6typ27v52qsyr0000gn/T//ccpVU34P.debug.temp.o
 .debug_abbrev  0x0000052d       0xc2 /var/folders/ry/3gwbg9l52_z6typ27v52qsyr0000gn/T//ccYFlSby.debug.temp.o
 .debug_abbrev  0x000005ef      0x17d /var/folders/ry/3gwbg9l52_z6typ27v52qsyr0000gn/T//ccU3kN9e.debug.temp.o
 .debug_abbrev  0x0000076c      0x152 /var/folders/ry/3gwbg9l52_z6typ27v52qsyr0000gn/T//ccv3vZSr.debug.temp.o
 .debug_abbrev  0x000008be       0xac /var/folders/ry/3gwbg9l52_z6typ27v52qsyr0000gn/T//ccGPNY1J.debug.temp.o
 .debug_abbrev  0x0000096a      0x100 /var/folders/ry/3gwbg9l52_z6typ27v52qsyr0000gn/T//ccPI9b1V.debug.temp.o
 .debug_abbrev  0x00000a6a      0x207 /var/folders/ry/3gwbg9l52_z6typ27v52qsyr0000gn/T//ccosLIIl.debug.temp.o
 .debug_abbrev  0x00000c71      0x252 /var/folders/ry/3gwbg9l52_z6typ27v52qsyr0000gn/T//ccXXXBgO.debug.temp.o
 .debug_abbrev  0x00000ec3      0x18e /var/folders/ry/3gwbg9l52_z6typ27v52qsyr0000gn/T//ccNsdKTc.debug.temp.o
 .debug_abbrev  0x00001051      0x24a /var/folders/ry/3gwbg9l52_z6typ27v52qsyr0000gn/T//ccFihjkN.debug.temp.o
 .debug_abbrev  0x0000129b      0x1b4 /var/folders/ry/3gwbg9l52_z6typ27v52qsyr0000gn/T//ccFcCXP4.debug.temp.o
 .debug_abbrev  0x0000144f      0x223 /var/folders/ry/3gwbg9l52_z6typ27v52qsyr0000gn/T//ccvcmAEp.debug.temp.o
 .debug_abbrev  0x00001672      0x23b /var/folders/ry/3gwbg9l52_z6typ27v52qsyr0000gn/T//ccPLSNsp.debug.temp.o
 .debug_abbrev  0x000018ad      0x28b /var/folders/ry/3gwbg9l52_z6typ27v52qsyr0000gn/T//cctbyXSk.debug.temp.o
 .debug_abbrev  0x00001b38      0x234 /var/folders/ry/3gwbg9l52_z6typ27v52qsyr0000gn/T//ccbDZ9YT.debug.temp.o
 .debug_abbrev  0x00001d6c      0x219 /var/folders/ry/3gwbg9l52_z6typ27v52qsyr0000gn/T//ccETguK0.debug.temp.o
 .debug_abbrev  0x00001f85      0x182 /var/folders/ry/3gwbg9l52_z6typ27v52qsyr0000gn/T//ccoDdLVO.debug.temp.o
 .debug_abbrev  0x00002107      0x187 /var/folders/ry/3gwbg9l52_z6typ27v52qsyr0000gn/T//ccco6FKn.debug.temp.o
 .debug_abbrev  0x0000228e      0x236 /var/folders/ry/3gwbg9l52_z6typ27v52qsyr0000gn/T//ccqeSxPR.debug.temp.o
 .debug_abbrev  0x000024c4      0x17c /var/folders/ry/3gwbg9l52_z6typ27v52qsyr0000gn/T//ccN5sZK1.debug.temp.o
 .debug_abbrev  0x00002640      0x2cc /var/folders/ry/3gwbg9l52_z6typ27v52qsyr0000gn/T//cclZvP8o.debug.temp.o
 .debug_abbrev  0x0000290c       0x24 ./Core/Startup/startup_stm32f411xe.o

.debug_loclists
                0x00000000     0x4dcb
 .debug_loclists
                0x00000000     0x4dcb /var/folders/ry/3gwbg9l52_z6typ27v52qsyr0000gn/T//ccfU9FZy.ltrans0.ltrans.o

.debug_aranges  0x00000000       0x50
 .debug_aranges
                0x00000000       0x28 /var/folders/ry/3gwbg9l52_z6typ27v52qsyr0000gn/T//ccfU9FZy.ltrans0.ltrans.o
 .debug_aranges
                0x00000028       0x28 ./Core/Startup/startup_stm32f411xe.o

.debug_rnglists
                0x00000000      0x6ec
 .debug_rnglists
                0x00000000      0x6d3 /var/folders/ry/3gwbg9l52_z6typ27v52qsyr0000gn/T//ccfU9FZy.ltrans0.ltrans.o
 .debug_rnglists
                0x000006d3       0x19 ./Core/Startup/startup_stm32f411xe.o

.debug_line     0x00000000     0x5207
 .debug_line    0x00000000     0x3536 /var/folders/ry/3gwbg9l52_z6typ27v52qsyr0000gn/T//ccfU9FZy.ltrans0.ltrans.o
 .debug_line    0x00003536      0x1c1 /var/folders/ry/3gwbg9l52_z6typ27v52qsyr0000gn/T//ccpVU34P.debug.temp.o
 .debug_line    0x000036f7      0x121 /var/folders/ry/3gwbg9l52_z6typ27v52qsyr0000gn/T//ccYFlSby.debug.temp.o
 .debug_line    0x00003818      0x126 /var/folders/ry/3gwbg9l52_z6typ27v52qsyr0000gn/T//ccU3kN9e.debug.temp.o
 .debug_line    0x0000393e      0x134 /var/folders/ry/3gwbg9l52_z6typ27v52qsyr0000gn/T//ccv3vZSr.debug.temp.o
 .debug_line    0x00003a72       0xb2 /var/folders/ry/3gwbg9l52_z6typ27v52qsyr0000gn/T//ccGPNY1J.debug.temp.o
 .debug_line    0x00003b24      0x11c /var/folders/ry/3gwbg9l52_z6typ27v52qsyr0000gn/T//ccPI9b1V.debug.temp.o
 .debug_line    0x00003c40      0x11c /var/folders/ry/3gwbg9l52_z6typ27v52qsyr0000gn/T//ccosLIIl.debug.temp.o
 .debug_line    0x00003d5c      0x11c /var/folders/ry/3gwbg9l52_z6typ27v52qsyr0000gn/T//ccXXXBgO.debug.temp.o
 .debug_line    0x00003e78      0x11c /var/folders/ry/3gwbg9l52_z6typ27v52qsyr0000gn/T//ccNsdKTc.debug.temp.o
 .debug_line    0x00003f94      0x11c /var/folders/ry/3gwbg9l52_z6typ27v52qsyr0000gn/T//ccFihjkN.debug.temp.o
 .debug_line    0x000040b0      0x11c /var/folders/ry/3gwbg9l52_z6typ27v52qsyr0000gn/T//ccFcCXP4.debug.temp.o
 .debug_line    0x000041cc      0x11c /var/folders/ry/3gwbg9l52_z6typ27v52qsyr0000gn/T//ccvcmAEp.debug.temp.o
 .debug_line    0x000042e8      0x11c /var/folders/ry/3gwbg9l52_z6typ27v52qsyr0000gn/T//ccPLSNsp.debug.temp.o
 .debug_line    0x00004404      0x1b3 /var/folders/ry/3gwbg9l52_z6typ27v52qsyr0000gn/T//cctbyXSk.debug.temp.o
 .debug_line    0x000045b7      0x1aa /var/folders/ry/3gwbg9l52_z6typ27v52qsyr0000gn/T//ccbDZ9YT.debug.temp.o
 .debug_line    0x00004761      0x1aa /var/folders/ry/3gwbg9l52_z6typ27v52qsyr0000gn/T//ccETguK0.debug.temp.o
 .debug_line    0x0000490b      0x1aa /var/folders/ry/3gwbg9l52_z6typ27v52qsyr0000gn/T//ccoDdLVO.debug.temp.o
 .debug_line    0x00004ab5      0x1c2 /var/folders/ry/3gwbg9l52_z6typ27v52qsyr0000gn/T//ccco6FKn.debug.temp.o
 .debug_line    0x00004c77      0x1b8 /var/folders/ry/3gwbg9l52_z6typ27v52qsyr0000gn/T//ccqeSxPR.debug.temp.o
 .debug_line    0x00004e2f      0x1af /var/folders/ry/3gwbg9l52_z6typ27v52qsyr0000gn/T//ccN5sZK1.debug.temp.o
 .debug_line    0x00004fde      0x1af /var/folders/ry/3gwbg9l52_z6typ27v52qsyr0000gn/T//cclZvP8o.debug.temp.o
 .debug_line    0x0000518d       0x7a ./Core/Startup/startup_stm32f411xe.o

.debug_str      0x00000000    0x9047f
 .debug_str     0x00000000      0x1a5 /var/folders/ry/3gwbg9l52_z6typ27v52qsyr0000gn/T//ccfU9FZy.ltrans0.ltrans.o
 .debug_str     0x00000000    0x8b19d /var/folders/ry/3gwbg9l52_z6typ27v52qsyr0000gn/T//ccpVU34P.debug.temp.o
 .debug_str     0x00000000    0x86762 /var/folders/ry/3gwbg9l52_z6typ27v52qsyr0000gn/T//ccYFlSby.debug.temp.o
 .debug_str     0x00000000    0x86b09 /var/folders/ry/3gwbg9l52_z6typ27v52qsyr0000gn/T//ccU3kN9e.debug.temp.o
 .debug_str     0x00000000     0x997a /var/folders/ry/3gwbg9l52_z6typ27v52qsyr0000gn/T//ccv3vZSr.debug.temp.o
 .debug_str     0x00000000     0x7724 /var/folders/ry/3gwbg9l52_z6typ27v52qsyr0000gn/T//ccGPNY1J.debug.temp.o
 .debug_str     0x00000000    0x86785 /var/folders/ry/3gwbg9l52_z6typ27v52qsyr0000gn/T//ccPI9b1V.debug.temp.o
 .debug_str     0x00000000    0x871b1 /var/folders/ry/3gwbg9l52_z6typ27v52qsyr0000gn/T//ccosLIIl.debug.temp.o
 .debug_str     0x00000000    0x86f1b /var/folders/ry/3gwbg9l52_z6typ27v52qsyr0000gn/T//ccXXXBgO.debug.temp.o
 .debug_str     0x00000000    0x86900 /var/folders/ry/3gwbg9l52_z6typ27v52qsyr0000gn/T//ccNsdKTc.debug.temp.o
 .debug_str     0x00000000    0x87251 /var/folders/ry/3gwbg9l52_z6typ27v52qsyr0000gn/T//ccFihjkN.debug.temp.o
 .debug_str     0x00000000    0x86b41 /var/folders/ry/3gwbg9l52_z6typ27v52qsyr0000gn/T//ccFcCXP4.debug.temp.o
 .debug_str     0x00000000    0x86bb9 /var/folders/ry/3gwbg9l52_z6typ27v52qsyr0000gn/T//ccvcmAEp.debug.temp.o
 .debug_str     0x00000000    0x8712c /var/folders/ry/3gwbg9l52_z6typ27v52qsyr0000gn/T//ccPLSNsp.debug.temp.o
 .debug_str     0x00000000    0x8b7fe /var/folders/ry/3gwbg9l52_z6typ27v52qsyr0000gn/T//cctbyXSk.debug.temp.o
 .debug_str     0x00000000    0x8b15e /var/folders/ry/3gwbg9l52_z6typ27v52qsyr0000gn/T//ccbDZ9YT.debug.temp.o
 .debug_str     0x00000000    0x8af89 /var/folders/ry/3gwbg9l52_z6typ27v52qsyr0000gn/T//ccETguK0.debug.temp.o
 .debug_str     0x00000000    0x8ae5e /var/folders/ry/3gwbg9l52_z6typ27v52qsyr0000gn/T//ccoDdLVO.debug.temp.o
 .debug_str     0x00000000    0x8b20f /var/folders/ry/3gwbg9l52_z6typ27v52qsyr0000gn/T//ccco6FKn.debug.temp.o
 .debug_str     0x00000000    0x8b256 /var/folders/ry/3gwbg9l52_z6typ27v52qsyr0000gn/T//ccqeSxPR.debug.temp.o
 .debug_str     0x00000000    0x8ad56 /var/folders/ry/3gwbg9l52_z6typ27v52qsyr0000gn/T//ccN5sZK1.debug.temp.o
 .debug_str     0x00000000    0x8bf0d /var/folders/ry/3gwbg9l52_z6typ27v52qsyr0000gn/T//cclZvP8o.debug.temp.o
 .debug_str     0x00000000    0x9047f ./Core/Startup/startup_stm32f411xe.o
                                 0x81 (size before relaxing)

.comment        0x00000000       0x43
 .comment       0x00000000       0x43 /var/folders/ry/3gwbg9l52_z6typ27v52qsyr0000gn/T//ccfU9FZy.ltrans0.ltrans.o
                                 0x44 (size before relaxing)

.debug_frame    0x00000000      0x834
 .debug_frame   0x00000000      0x604 /var/folders/ry/3gwbg9l52_z6typ27v52qsyr0000gn/T//ccfU9FZy.ltrans0.ltrans.o
 .debug_frame   0x00000604      0x144 /Applications/STM32CubeIDE.app/Contents/Eclipse/plugins/com.st.stm32cube.ide.mcu.externaltools.gnu-tools-for-stm32.14.3.rel1.macosaarch64_1.0.0.202602081740/tools/bin/../lib/gcc/arm-none-eabi/14.3.1/../../../../arm-none-eabi/lib/thumb/v7e-m+fp/hard/libc_nano.a(libc_a-findfp.o)
 .debug_frame   0x00000748       0x20 /Applications/STM32CubeIDE.app/Contents/Eclipse/plugins/com.st.stm32cube.ide.mcu.externaltools.gnu-tools-for-stm32.14.3.rel1.macosaarch64_1.0.0.202602081740/tools/bin/../lib/gcc/arm-none-eabi/14.3.1/../../../../arm-none-eabi/lib/thumb/v7e-m+fp/hard/libc_nano.a(libc_a-memset.o)
 .debug_frame   0x00000768       0x20 /Applications/STM32CubeIDE.app/Contents/Eclipse/plugins/com.st.stm32cube.ide.mcu.externaltools.gnu-tools-for-stm32.14.3.rel1.macosaarch64_1.0.0.202602081740/tools/bin/../lib/gcc/arm-none-eabi/14.3.1/../../../../arm-none-eabi/lib/thumb/v7e-m+fp/hard/libc_nano.a(libc_a-errno.o)
 .debug_frame   0x00000788       0x2c /Applications/STM32CubeIDE.app/Contents/Eclipse/plugins/com.st.stm32cube.ide.mcu.externaltools.gnu-tools-for-stm32.14.3.rel1.macosaarch64_1.0.0.202602081740/tools/bin/../lib/gcc/arm-none-eabi/14.3.1/../../../../arm-none-eabi/lib/thumb/v7e-m+fp/hard/libc_nano.a(libc_a-init.o)
 .debug_frame   0x000007b4       0x20 /Applications/STM32CubeIDE.app/Contents/Eclipse/plugins/com.st.stm32cube.ide.mcu.externaltools.gnu-tools-for-stm32.14.3.rel1.macosaarch64_1.0.0.202602081740/tools/bin/../lib/gcc/arm-none-eabi/14.3.1/../../../../arm-none-eabi/lib/thumb/v7e-m+fp/hard/libc_nano.a(libc_a-strlen.o)
 .debug_frame   0x000007d4       0x2c /Applications/STM32CubeIDE.app/Contents/Eclipse/plugins/com.st.stm32cube.ide.mcu.externaltools.gnu-tools-for-stm32.14.3.rel1.macosaarch64_1.0.0.202602081740/tools/bin/../lib/gcc/arm-none-eabi/14.3.1/thumb/v7e-m+fp/hard/libgcc.a(_aeabi_uldivmod.o)
 .debug_frame   0x00000800       0x34 /Applications/STM32CubeIDE.app/Contents/Eclipse/plugins/com.st.stm32cube.ide.mcu.externaltools.gnu-tools-for-stm32.14.3.rel1.macosaarch64_1.0.0.202602081740/tools/bin/../lib/gcc/arm-none-eabi/14.3.1/thumb/v7e-m+fp/hard/libgcc.a(_udivmoddi4.o)

.debug_macro    0x00000000    0x19761
 .debug_macro   0x00000000      0x3bd /var/folders/ry/3gwbg9l52_z6typ27v52qsyr0000gn/T//ccpVU34P.debug.temp.o
 .debug_macro   0x000003bd      0xade /var/folders/ry/3gwbg9l52_z6typ27v52qsyr0000gn/T//ccpVU34P.debug.temp.o
 .debug_macro   0x00000e9b      0x29b /var/folders/ry/3gwbg9l52_z6typ27v52qsyr0000gn/T//ccpVU34P.debug.temp.o
 .debug_macro   0x00001136       0x2e /var/folders/ry/3gwbg9l52_z6typ27v52qsyr0000gn/T//ccpVU34P.debug.temp.o
 .debug_macro   0x00001164       0x28 /var/folders/ry/3gwbg9l52_z6typ27v52qsyr0000gn/T//ccpVU34P.debug.temp.o
 .debug_macro   0x0000118c       0x22 /var/folders/ry/3gwbg9l52_z6typ27v52qsyr0000gn/T//ccpVU34P.debug.temp.o
 .debug_macro   0x000011ae       0x8e /var/folders/ry/3gwbg9l52_z6typ27v52qsyr0000gn/T//ccpVU34P.debug.temp.o
 .debug_macro   0x0000123c       0x51 /var/folders/ry/3gwbg9l52_z6typ27v52qsyr0000gn/T//ccpVU34P.debug.temp.o
 .debug_macro   0x0000128d      0x103 /var/folders/ry/3gwbg9l52_z6typ27v52qsyr0000gn/T//ccpVU34P.debug.temp.o
 .debug_macro   0x00001390       0x6a /var/folders/ry/3gwbg9l52_z6typ27v52qsyr0000gn/T//ccpVU34P.debug.temp.o
 .debug_macro   0x000013fa      0x1df /var/folders/ry/3gwbg9l52_z6typ27v52qsyr0000gn/T//ccpVU34P.debug.temp.o
 .debug_macro   0x000015d9       0x1c /var/folders/ry/3gwbg9l52_z6typ27v52qsyr0000gn/T//ccpVU34P.debug.temp.o
 .debug_macro   0x000015f5       0x22 /var/folders/ry/3gwbg9l52_z6typ27v52qsyr0000gn/T//ccpVU34P.debug.temp.o
 .debug_macro   0x00001617       0xfb /var/folders/ry/3gwbg9l52_z6typ27v52qsyr0000gn/T//ccpVU34P.debug.temp.o
 .debug_macro   0x00001712     0x1011 /var/folders/ry/3gwbg9l52_z6typ27v52qsyr0000gn/T//ccpVU34P.debug.temp.o
 .debug_macro   0x00002723      0x11f /var/folders/ry/3gwbg9l52_z6typ27v52qsyr0000gn/T//ccpVU34P.debug.temp.o
 .debug_macro   0x00002842     0xb968 /var/folders/ry/3gwbg9l52_z6typ27v52qsyr0000gn/T//ccpVU34P.debug.temp.o
 .debug_macro   0x0000e1aa       0x6d /var/folders/ry/3gwbg9l52_z6typ27v52qsyr0000gn/T//ccpVU34P.debug.temp.o
 .debug_macro   0x0000e217     0x3693 /var/folders/ry/3gwbg9l52_z6typ27v52qsyr0000gn/T//ccpVU34P.debug.temp.o
 .debug_macro   0x000118aa      0x190 /var/folders/ry/3gwbg9l52_z6typ27v52qsyr0000gn/T//ccpVU34P.debug.temp.o
 .debug_macro   0x00011a3a       0x5c /var/folders/ry/3gwbg9l52_z6typ27v52qsyr0000gn/T//ccpVU34P.debug.temp.o
 .debug_macro   0x00011a96      0x45c /var/folders/ry/3gwbg9l52_z6typ27v52qsyr0000gn/T//ccpVU34P.debug.temp.o
 .debug_macro   0x00011ef2      0x9e9 /var/folders/ry/3gwbg9l52_z6typ27v52qsyr0000gn/T//ccpVU34P.debug.temp.o
 .debug_macro   0x000128db      0x115 /var/folders/ry/3gwbg9l52_z6typ27v52qsyr0000gn/T//ccpVU34P.debug.temp.o
 .debug_macro   0x000129f0      0x11b /var/folders/ry/3gwbg9l52_z6typ27v52qsyr0000gn/T//ccpVU34P.debug.temp.o
 .debug_macro   0x00012b0b       0xa5 /var/folders/ry/3gwbg9l52_z6typ27v52qsyr0000gn/T//ccpVU34P.debug.temp.o
 .debug_macro   0x00012bb0      0x15f /var/folders/ry/3gwbg9l52_z6typ27v52qsyr0000gn/T//ccpVU34P.debug.temp.o
 .debug_macro   0x00012d0f      0x287 /var/folders/ry/3gwbg9l52_z6typ27v52qsyr0000gn/T//ccpVU34P.debug.temp.o
 .debug_macro   0x00012f96       0x5f /var/folders/ry/3gwbg9l52_z6typ27v52qsyr0000gn/T//ccpVU34P.debug.temp.o
 .debug_macro   0x00012ff5      0x236 /var/folders/ry/3gwbg9l52_z6typ27v52qsyr0000gn/T//ccpVU34P.debug.temp.o
 .debug_macro   0x0001322b      0x132 /var/folders/ry/3gwbg9l52_z6typ27v52qsyr0000gn/T//ccpVU34P.debug.temp.o
 .debug_macro   0x0001335d      0x264 /var/folders/ry/3gwbg9l52_z6typ27v52qsyr0000gn/T//ccpVU34P.debug.temp.o
 .debug_macro   0x000135c1       0x2e /var/folders/ry/3gwbg9l52_z6typ27v52qsyr0000gn/T//ccpVU34P.debug.temp.o
 .debug_macro   0x000135ef      0x127 /var/folders/ry/3gwbg9l52_z6typ27v52qsyr0000gn/T//ccpVU34P.debug.temp.o
 .debug_macro   0x00013716       0x85 /var/folders/ry/3gwbg9l52_z6typ27v52qsyr0000gn/T//ccpVU34P.debug.temp.o
 .debug_macro   0x0001379b       0x89 /var/folders/ry/3gwbg9l52_z6typ27v52qsyr0000gn/T//ccpVU34P.debug.temp.o
 .debug_macro   0x00013824      0x8ed /var/folders/ry/3gwbg9l52_z6typ27v52qsyr0000gn/T//ccpVU34P.debug.temp.o
 .debug_macro   0x00014111       0x47 /var/folders/ry/3gwbg9l52_z6typ27v52qsyr0000gn/T//ccpVU34P.debug.temp.o
 .debug_macro   0x00014158      0x293 /var/folders/ry/3gwbg9l52_z6typ27v52qsyr0000gn/T//ccpVU34P.debug.temp.o
 .debug_macro   0x000143eb       0xba /var/folders/ry/3gwbg9l52_z6typ27v52qsyr0000gn/T//ccpVU34P.debug.temp.o
 .debug_macro   0x000144a5      0x126 /var/folders/ry/3gwbg9l52_z6typ27v52qsyr0000gn/T//ccpVU34P.debug.temp.o
 .debug_macro   0x000145cb       0x28 /var/folders/ry/3gwbg9l52_z6typ27v52qsyr0000gn/T//ccpVU34P.debug.temp.o
 .debug_macro   0x000145f3       0x61 /var/folders/ry/3gwbg9l52_z6typ27v52qsyr0000gn/T//ccpVU34P.debug.temp.o
 .debug_macro   0x00014654       0x2a /var/folders/ry/3gwbg9l52_z6typ27v52qsyr0000gn/T//ccpVU34P.debug.temp.o
 .debug_macro   0x0001467e       0x43 /var/folders/ry/3gwbg9l52_z6typ27v52qsyr0000gn/T//ccpVU34P.debug.temp.o
 .debug_macro   0x000146c1       0x34 /var/folders/ry/3gwbg9l52_z6typ27v52qsyr0000gn/T//ccpVU34P.debug.temp.o
 .debug_macro   0x000146f5       0x16 /var/folders/ry/3gwbg9l52_z6typ27v52qsyr0000gn/T//ccpVU34P.debug.temp.o
 .debug_macro   0x0001470b       0x3c /var/folders/ry/3gwbg9l52_z6typ27v52qsyr0000gn/T//ccpVU34P.debug.temp.o
 .debug_macro   0x00014747      0x364 /var/folders/ry/3gwbg9l52_z6typ27v52qsyr0000gn/T//ccpVU34P.debug.temp.o
 .debug_macro   0x00014aab       0x10 /var/folders/ry/3gwbg9l52_z6typ27v52qsyr0000gn/T//ccpVU34P.debug.temp.o
 .debug_macro   0x00014abb       0x16 /var/folders/ry/3gwbg9l52_z6typ27v52qsyr0000gn/T//ccpVU34P.debug.temp.o
 .debug_macro   0x00014ad1       0x4a /var/folders/ry/3gwbg9l52_z6typ27v52qsyr0000gn/T//ccpVU34P.debug.temp.o
 .debug_macro   0x00014b1b       0x34 /var/folders/ry/3gwbg9l52_z6typ27v52qsyr0000gn/T//ccpVU34P.debug.temp.o
 .debug_macro   0x00014b4f       0x10 /var/folders/ry/3gwbg9l52_z6typ27v52qsyr0000gn/T//ccpVU34P.debug.temp.o
 .debug_macro   0x00014b5f       0x58 /var/folders/ry/3gwbg9l52_z6typ27v52qsyr0000gn/T//ccpVU34P.debug.temp.o
 .debug_macro   0x00014bb7       0x8e /var/folders/ry/3gwbg9l52_z6typ27v52qsyr0000gn/T//ccpVU34P.debug.temp.o
 .debug_macro   0x00014c45       0x1c /var/folders/ry/3gwbg9l52_z6typ27v52qsyr0000gn/T//ccpVU34P.debug.temp.o
 .debug_macro   0x00014c61      0x17e /var/folders/ry/3gwbg9l52_z6typ27v52qsyr0000gn/T//ccpVU34P.debug.temp.o
 .debug_macro   0x00014ddf       0x16 /var/folders/ry/3gwbg9l52_z6typ27v52qsyr0000gn/T//ccpVU34P.debug.temp.o
 .debug_macro   0x00014df5       0x16 /var/folders/ry/3gwbg9l52_z6typ27v52qsyr0000gn/T//ccpVU34P.debug.temp.o
 .debug_macro   0x00014e0b      0x146 /var/folders/ry/3gwbg9l52_z6typ27v52qsyr0000gn/T//ccpVU34P.debug.temp.o
 .debug_macro   0x00014f51       0x16 /var/folders/ry/3gwbg9l52_z6typ27v52qsyr0000gn/T//ccpVU34P.debug.temp.o
 .debug_macro   0x00014f67       0x16 /var/folders/ry/3gwbg9l52_z6typ27v52qsyr0000gn/T//ccpVU34P.debug.temp.o
 .debug_macro   0x00014f7d       0x29 /var/folders/ry/3gwbg9l52_z6typ27v52qsyr0000gn/T//ccpVU34P.debug.temp.o
 .debug_macro   0x00014fa6       0x16 /var/folders/ry/3gwbg9l52_z6typ27v52qsyr0000gn/T//ccpVU34P.debug.temp.o
 .debug_macro   0x00014fbc       0x20 /var/folders/ry/3gwbg9l52_z6typ27v52qsyr0000gn/T//ccpVU34P.debug.temp.o
 .debug_macro   0x00014fdc       0x65 /var/folders/ry/3gwbg9l52_z6typ27v52qsyr0000gn/T//ccpVU34P.debug.temp.o
 .debug_macro   0x00015041      0x20f /var/folders/ry/3gwbg9l52_z6typ27v52qsyr0000gn/T//ccpVU34P.debug.temp.o
 .debug_macro   0x00015250       0x95 /var/folders/ry/3gwbg9l52_z6typ27v52qsyr0000gn/T//ccpVU34P.debug.temp.o
 .debug_macro   0x000152e5       0x10 /var/folders/ry/3gwbg9l52_z6typ27v52qsyr0000gn/T//ccpVU34P.debug.temp.o
 .debug_macro   0x000152f5      0x1f7 /var/folders/ry/3gwbg9l52_z6typ27v52qsyr0000gn/T//ccYFlSby.debug.temp.o
 .debug_macro   0x000154ec      0x201 /var/folders/ry/3gwbg9l52_z6typ27v52qsyr0000gn/T//ccU3kN9e.debug.temp.o
 .debug_macro   0x000156ed      0x274 /var/folders/ry/3gwbg9l52_z6typ27v52qsyr0000gn/T//ccv3vZSr.debug.temp.o
 .debug_macro   0x00015961       0x5b /var/folders/ry/3gwbg9l52_z6typ27v52qsyr0000gn/T//ccv3vZSr.debug.temp.o
 .debug_macro   0x000159bc       0x94 /var/folders/ry/3gwbg9l52_z6typ27v52qsyr0000gn/T//ccv3vZSr.debug.temp.o
 .debug_macro   0x00015a50       0x57 /var/folders/ry/3gwbg9l52_z6typ27v52qsyr0000gn/T//ccv3vZSr.debug.temp.o
 .debug_macro   0x00015aa7       0x10 /var/folders/ry/3gwbg9l52_z6typ27v52qsyr0000gn/T//ccv3vZSr.debug.temp.o
 .debug_macro   0x00015ab7       0x10 /var/folders/ry/3gwbg9l52_z6typ27v52qsyr0000gn/T//ccv3vZSr.debug.temp.o
 .debug_macro   0x00015ac7       0x10 /var/folders/ry/3gwbg9l52_z6typ27v52qsyr0000gn/T//ccv3vZSr.debug.temp.o
 .debug_macro   0x00015ad7       0x10 /var/folders/ry/3gwbg9l52_z6typ27v52qsyr0000gn/T//ccv3vZSr.debug.temp.o
 .debug_macro   0x00015ae7       0x1c /var/folders/ry/3gwbg9l52_z6typ27v52qsyr0000gn/T//ccv3vZSr.debug.temp.o
 .debug_macro   0x00015b03       0x52 /var/folders/ry/3gwbg9l52_z6typ27v52qsyr0000gn/T//ccv3vZSr.debug.temp.o
 .debug_macro   0x00015b55       0x22 /var/folders/ry/3gwbg9l52_z6typ27v52qsyr0000gn/T//ccv3vZSr.debug.temp.o
 .debug_macro   0x00015b77       0x10 /var/folders/ry/3gwbg9l52_z6typ27v52qsyr0000gn/T//ccv3vZSr.debug.temp.o
 .debug_macro   0x00015b87       0x52 /var/folders/ry/3gwbg9l52_z6typ27v52qsyr0000gn/T//ccv3vZSr.debug.temp.o
 .debug_macro   0x00015bd9       0xcf /var/folders/ry/3gwbg9l52_z6typ27v52qsyr0000gn/T//ccv3vZSr.debug.temp.o
 .debug_macro   0x00015ca8       0x1c /var/folders/ry/3gwbg9l52_z6typ27v52qsyr0000gn/T//ccv3vZSr.debug.temp.o
 .debug_macro   0x00015cc4       0x3d /var/folders/ry/3gwbg9l52_z6typ27v52qsyr0000gn/T//ccv3vZSr.debug.temp.o
 .debug_macro   0x00015d01       0x35 /var/folders/ry/3gwbg9l52_z6typ27v52qsyr0000gn/T//ccv3vZSr.debug.temp.o
 .debug_macro   0x00015d36      0x12c /var/folders/ry/3gwbg9l52_z6typ27v52qsyr0000gn/T//ccv3vZSr.debug.temp.o
 .debug_macro   0x00015e62       0x10 /var/folders/ry/3gwbg9l52_z6typ27v52qsyr0000gn/T//ccv3vZSr.debug.temp.o
 .debug_macro   0x00015e72      0x242 /var/folders/ry/3gwbg9l52_z6typ27v52qsyr0000gn/T//ccv3vZSr.debug.temp.o
 .debug_macro   0x000160b4       0x1c /var/folders/ry/3gwbg9l52_z6typ27v52qsyr0000gn/T//ccv3vZSr.debug.temp.o
 .debug_macro   0x000160d0       0x10 /var/folders/ry/3gwbg9l52_z6typ27v52qsyr0000gn/T//ccv3vZSr.debug.temp.o
 .debug_macro   0x000160e0      0x18a /var/folders/ry/3gwbg9l52_z6typ27v52qsyr0000gn/T//ccv3vZSr.debug.temp.o
 .debug_macro   0x0001626a       0x16 /var/folders/ry/3gwbg9l52_z6typ27v52qsyr0000gn/T//ccv3vZSr.debug.temp.o
 .debug_macro   0x00016280       0xce /var/folders/ry/3gwbg9l52_z6typ27v52qsyr0000gn/T//ccv3vZSr.debug.temp.o
 .debug_macro   0x0001634e      0x116 /var/folders/ry/3gwbg9l52_z6typ27v52qsyr0000gn/T//ccGPNY1J.debug.temp.o
 .debug_macro   0x00016464      0x23c /var/folders/ry/3gwbg9l52_z6typ27v52qsyr0000gn/T//ccGPNY1J.debug.temp.o
 .debug_macro   0x000166a0      0x1e8 /var/folders/ry/3gwbg9l52_z6typ27v52qsyr0000gn/T//ccPI9b1V.debug.temp.o
 .debug_macro   0x00016888      0x248 /var/folders/ry/3gwbg9l52_z6typ27v52qsyr0000gn/T//ccosLIIl.debug.temp.o
 .debug_macro   0x00016ad0      0x1e8 /var/folders/ry/3gwbg9l52_z6typ27v52qsyr0000gn/T//ccXXXBgO.debug.temp.o
 .debug_macro   0x00016cb8      0x1ee /var/folders/ry/3gwbg9l52_z6typ27v52qsyr0000gn/T//ccNsdKTc.debug.temp.o
 .debug_macro   0x00016ea6      0x1f4 /var/folders/ry/3gwbg9l52_z6typ27v52qsyr0000gn/T//ccFihjkN.debug.temp.o
 .debug_macro   0x0001709a      0x1e8 /var/folders/ry/3gwbg9l52_z6typ27v52qsyr0000gn/T//ccFcCXP4.debug.temp.o
 .debug_macro   0x00017282      0x20c /var/folders/ry/3gwbg9l52_z6typ27v52qsyr0000gn/T//ccvcmAEp.debug.temp.o
 .debug_macro   0x0001748e      0x1e8 /var/folders/ry/3gwbg9l52_z6typ27v52qsyr0000gn/T//ccPLSNsp.debug.temp.o
 .debug_macro   0x00017676      0x386 /var/folders/ry/3gwbg9l52_z6typ27v52qsyr0000gn/T//cctbyXSk.debug.temp.o
 .debug_macro   0x000179fc       0x9e /var/folders/ry/3gwbg9l52_z6typ27v52qsyr0000gn/T//cctbyXSk.debug.temp.o
 .debug_macro   0x00017a9a      0x112 /var/folders/ry/3gwbg9l52_z6typ27v52qsyr0000gn/T//cctbyXSk.debug.temp.o
 .debug_macro   0x00017bac       0x56 /var/folders/ry/3gwbg9l52_z6typ27v52qsyr0000gn/T//cctbyXSk.debug.temp.o
 .debug_macro   0x00017c02      0x36d /var/folders/ry/3gwbg9l52_z6typ27v52qsyr0000gn/T//ccbDZ9YT.debug.temp.o
 .debug_macro   0x00017f6f      0x215 /var/folders/ry/3gwbg9l52_z6typ27v52qsyr0000gn/T//ccbDZ9YT.debug.temp.o
 .debug_macro   0x00018184      0x377 /var/folders/ry/3gwbg9l52_z6typ27v52qsyr0000gn/T//ccETguK0.debug.temp.o
 .debug_macro   0x000184fb      0x373 /var/folders/ry/3gwbg9l52_z6typ27v52qsyr0000gn/T//ccoDdLVO.debug.temp.o
 .debug_macro   0x0001886e      0x3a6 /var/folders/ry/3gwbg9l52_z6typ27v52qsyr0000gn/T//ccco6FKn.debug.temp.o
 .debug_macro   0x00018c14       0x2e /var/folders/ry/3gwbg9l52_z6typ27v52qsyr0000gn/T//ccco6FKn.debug.temp.o
 .debug_macro   0x00018c42       0x22 /var/folders/ry/3gwbg9l52_z6typ27v52qsyr0000gn/T//ccco6FKn.debug.temp.o
 .debug_macro   0x00018c64       0x16 /var/folders/ry/3gwbg9l52_z6typ27v52qsyr0000gn/T//ccco6FKn.debug.temp.o
 .debug_macro   0x00018c7a      0x391 /var/folders/ry/3gwbg9l52_z6typ27v52qsyr0000gn/T//ccqeSxPR.debug.temp.o
 .debug_macro   0x0001900b      0x3b0 /var/folders/ry/3gwbg9l52_z6typ27v52qsyr0000gn/T//ccN5sZK1.debug.temp.o
 .debug_macro   0x000193bb       0x1c /var/folders/ry/3gwbg9l52_z6typ27v52qsyr0000gn/T//ccN5sZK1.debug.temp.o
 .debug_macro   0x000193d7      0x38a /var/folders/ry/3gwbg9l52_z6typ27v52qsyr0000gn/T//cclZvP8o.debug.temp.o

.debug_line_str
                0x00000000      0xdac
 .debug_line_str
                0x00000000      0x8f6 /var/folders/ry/3gwbg9l52_z6typ27v52qsyr0000gn/T//ccpVU34P.debug.temp.o
 .debug_line_str
                0x00000000      0x6c7 /var/folders/ry/3gwbg9l52_z6typ27v52qsyr0000gn/T//ccYFlSby.debug.temp.o
 .debug_line_str
                0x00000000      0x6cc /var/folders/ry/3gwbg9l52_z6typ27v52qsyr0000gn/T//ccU3kN9e.debug.temp.o
 .debug_line_str
                0x00000000      0x595 /var/folders/ry/3gwbg9l52_z6typ27v52qsyr0000gn/T//ccv3vZSr.debug.temp.o
 .debug_line_str
                0x00000000      0x4d5 /var/folders/ry/3gwbg9l52_z6typ27v52qsyr0000gn/T//ccGPNY1J.debug.temp.o
 .debug_line_str
                0x00000000      0x6be /var/folders/ry/3gwbg9l52_z6typ27v52qsyr0000gn/T//ccPI9b1V.debug.temp.o
 .debug_line_str
                0x00000000      0x6e8 /var/folders/ry/3gwbg9l52_z6typ27v52qsyr0000gn/T//ccosLIIl.debug.temp.o
 .debug_line_str
                0x00000000      0x6f6 /var/folders/ry/3gwbg9l52_z6typ27v52qsyr0000gn/T//ccXXXBgO.debug.temp.o
 .debug_line_str
                0x00000000      0x6f2 /var/folders/ry/3gwbg9l52_z6typ27v52qsyr0000gn/T//ccNsdKTc.debug.temp.o
 .debug_line_str
                0x00000000      0x6f0 /var/folders/ry/3gwbg9l52_z6typ27v52qsyr0000gn/T//ccFihjkN.debug.temp.o
 .debug_line_str
                0x00000000      0x6f6 /var/folders/ry/3gwbg9l52_z6typ27v52qsyr0000gn/T//ccFcCXP4.debug.temp.o
 .debug_line_str
                0x00000000      0x6f0 /var/folders/ry/3gwbg9l52_z6typ27v52qsyr0000gn/T//ccvcmAEp.debug.temp.o
 .debug_line_str
                0x00000000      0x6ee /var/folders/ry/3gwbg9l52_z6typ27v52qsyr0000gn/T//ccPLSNsp.debug.temp.o
 .debug_line_str
                0x00000000      0x92b /var/folders/ry/3gwbg9l52_z6typ27v52qsyr0000gn/T//cctbyXSk.debug.temp.o
 .debug_line_str
                0x00000000      0x8df /var/folders/ry/3gwbg9l52_z6typ27v52qsyr0000gn/T//ccbDZ9YT.debug.temp.o
 .debug_line_str
                0x00000000      0x8e3 /var/folders/ry/3gwbg9l52_z6typ27v52qsyr0000gn/T//ccETguK0.debug.temp.o
 .debug_line_str
                0x00000000      0x8e1 /var/folders/ry/3gwbg9l52_z6typ27v52qsyr0000gn/T//ccoDdLVO.debug.temp.o
 .debug_line_str
                0x00000000      0x908 /var/folders/ry/3gwbg9l52_z6typ27v52qsyr0000gn/T//ccco6FKn.debug.temp.o
 .debug_line_str
                0x00000000      0x8f1 /var/folders/ry/3gwbg9l52_z6typ27v52qsyr0000gn/T//ccqeSxPR.debug.temp.o
 .debug_line_str
                0x00000000      0x8a7 /var/folders/ry/3gwbg9l52_z6typ27v52qsyr0000gn/T//ccN5sZK1.debug.temp.o
 .debug_line_str
                0x00000000      0x8d0 /var/folders/ry/3gwbg9l52_z6typ27v52qsyr0000gn/T//cclZvP8o.debug.temp.o
 .debug_line_str
                0x00000000      0xdac ./Core/Startup/startup_stm32f411xe.o
                                 0x65 (size before relaxing)
