../Core/Src/main.c:84:16:Read_Hall_State	16	static
../Core/Src/main.c:96:16:Read_Encoder_Count	4	static
../Core/Src/main.c:101:13:Phase_Char	16	static
../Core/Src/main.c:111:13:Print_Telemetry	152	static
../Core/Src/main.c:164:5:main	96	static,ignoring_inline_asm
../Core/Src/main.c:270:6:SystemClock_Config	88	static
../Core/Src/main.c:317:13:MX_LPUART1_UART_Init	8	static
../Core/Src/main.c:364:13:MX_USART1_UART_Init	8	static
../Core/Src/main.c:412:13:MX_TIM2_Init	56	static
../Core/Src/main.c:461:13:MX_TIM6_Init	24	static
../Core/Src/main.c:497:13:MX_DMA_Init	16	static
../Core/Src/main.c:522:13:MX_GPIO_Init	40	static
../Core/Src/main.c:559:6:Error_Handler	4	static,ignoring_inline_asm
