../Core/Src/main.c:84:16:Read_Hall_State	1
../Core/Src/main.c:96:16:Read_Encoder_Count	1
../Core/Src/main.c:101:13:Phase_Char	2
../Core/Src/main.c:111:13:Print_Telemetry	5
../Core/Src/main.c:164:5:main	7
../Core/Src/main.c:270:6:SystemClock_Config	3
../Core/Src/main.c:317:13:MX_LPUART1_UART_Init	5
../Core/Src/main.c:364:13:MX_USART1_UART_Init	5
../Core/Src/main.c:412:13:MX_TIM2_Init	3
../Core/Src/main.c:461:13:MX_TIM6_Init	3
../Core/Src/main.c:497:13:MX_DMA_Init	1
../Core/Src/main.c:522:13:MX_GPIO_Init	1
../Core/Src/main.c:559:6:Error_Handler	1
